leica@MayukonoMBP git_challenge % git init
Reinitialized existing Git repository in /Users/leica/Documents/GitHub/git_challenge/.git/
leica@MayukonoMBP git_challenge % git add hello_world.txt
leica@MayukonoMBP git_challenge % git reset     
Unstaged changes after reset:
D	sample.txt
leica@MayukonoMBP git_challenge % cd 
leica@MayukonoMBP ~ % rm -rf .git
leica@MayukonoMBP ~ % cd /Users/leica/Documents/GitHub/tutorial/git_challenge
leica@MayukonoMBP git_challenge % git init
Initialized empty Git repository in /Users/leica/Documents/GitHub/tutorial/git_challenge/.git/
leica@MayukonoMBP git_challenge % git add hello_world.txt
leica@MayukonoMBP git_challenge % git remote -v
leica@MayukonoMBP git_challenge % git remote add origin https://github.com/Phym-SaE/samurai_terakoya/tree/main/git-basic-kadai
leica@MayukonoMBP git_challenge % git remote -v
origin	https://github.com/Phym-SaE/samurai_terakoya/tree/main/git-basic-kadai (fetch)
origin	https://github.com/Phym-SaE/samurai_terakoya/tree/main/git-basic-kadai (push)
leica@MayukonoMBP git_challenge % git commit -m "hello_world.txtを追加"
[main (root-commit) 8a72438] hello_world.txtを追加
 1 file changed, 1 insertion(+)
 create mode 100644 hello_world.txt
leica@MayukonoMBP git_challenge % git status
On branch main
nothing to commit, working tree clean
leica@MayukonoMBP git_challenge % git log
commit 8a7243879e48cc66b9363726da3eedb29d8f30fa (HEAD -> main)
Author: phym <taniytoanewleaf023@gmail.comgit config --global user.email taniytoanewleaf023@gmail.comgit config --global user.name Phym-SaEgit config --global user.email taniytoanewleaf023@gmail.com>
Date:   Tue Jul 11 11:24:30 2023 +0900

    hello_world.txtを追加
leica@MayukonoMBP git_challenge % git add hello_world.txt
leica@MayukonoMBP git_challenge % git commit -m "日本語訳を追記"
[main 07bc23c] 日本語訳を追記
 1 file changed, 2 insertions(+), 1 deletion(-)
leica@MayukonoMBP git_challenge % git status
On branch main
nothing to commit, working tree clean
leica@MayukonoMBP git_challenge % git log
commit 07bc23c28746de4df7b5a55909b04bbd7bed9936 (HEAD -> main)
Author: phym <taniytoanewleaf023@gmail.comgit config --global user.email taniytoanewleaf023@gmail.comgit config --global user.name Phym-SaEgit config --global user.email taniytoanewleaf023@gmail.com>
Date:   Tue Jul 11 11:26:57 2023 +0900

    日本語訳を追記

commit 8a7243879e48cc66b9363726da3eedb29d8f30fa
Author: phym <taniytoanewleaf023@gmail.comgit config --global user.email taniytoanewleaf023@gmail.comgit config --global user.name Phym-SaEgit config --global user.email taniytoanewleaf023@gmail.com>
Date:   Tue Jul 11 11:24:30 2023 +0900

    hello_world.txtを追加